running egg_info
writing ../../build/drone_img_processing/drone_img_processing.egg-info/PKG-INFO
writing dependency_links to ../../build/drone_img_processing/drone_img_processing.egg-info/dependency_links.txt
writing entry points to ../../build/drone_img_processing/drone_img_processing.egg-info/entry_points.txt
writing requirements to ../../build/drone_img_processing/drone_img_processing.egg-info/requires.txt
writing top-level names to ../../build/drone_img_processing/drone_img_processing.egg-info/top_level.txt
reading manifest file '../../build/drone_img_processing/drone_img_processing.egg-info/SOURCES.txt'
adding license file 'LICENSE'
writing manifest file '../../build/drone_img_processing/drone_img_processing.egg-info/SOURCES.txt'
running build
running build_py
copying drone_img_processing/drone_img_coord_pub.py -> /home/rishikesh/Desktop/drone_hover/build/drone_img_processing/build/lib/drone_img_processing
running install
running install_lib
copying /home/rishikesh/Desktop/drone_hover/build/drone_img_processing/build/lib/drone_img_processing/drone_img_coord_pub.py -> /home/rishikesh/Desktop/drone_hover/install/drone_img_processing/lib/python3.10/site-packages/drone_img_processing
byte-compiling /home/rishikesh/Desktop/drone_hover/install/drone_img_processing/lib/python3.10/site-packages/drone_img_processing/drone_img_coord_pub.py to drone_img_coord_pub.cpython-310.pyc
running install_data
running install_egg_info
removing '/home/rishikesh/Desktop/drone_hover/install/drone_img_processing/lib/python3.10/site-packages/drone_img_processing-0.0.0-py3.10.egg-info' (and everything under it)
Copying ../../build/drone_img_processing/drone_img_processing.egg-info to /home/rishikesh/Desktop/drone_hover/install/drone_img_processing/lib/python3.10/site-packages/drone_img_processing-0.0.0-py3.10.egg-info
running install_scripts
Installing drone_img_coord_pub script to /home/rishikesh/Desktop/drone_hover/install/drone_img_processing/lib/drone_img_processing
writing list of installed files to '/home/rishikesh/Desktop/drone_hover/build/drone_img_processing/install.log'
