running egg_info
creating ../../build/drone_img_processing/drone_img_processing.egg-info
writing ../../build/drone_img_processing/drone_img_processing.egg-info/PKG-INFO
writing dependency_links to ../../build/drone_img_processing/drone_img_processing.egg-info/dependency_links.txt
writing entry points to ../../build/drone_img_processing/drone_img_processing.egg-info/entry_points.txt
writing requirements to ../../build/drone_img_processing/drone_img_processing.egg-info/requires.txt
writing top-level names to ../../build/drone_img_processing/drone_img_processing.egg-info/top_level.txt
writing manifest file '../../build/drone_img_processing/drone_img_processing.egg-info/SOURCES.txt'
reading manifest file '../../build/drone_img_processing/drone_img_processing.egg-info/SOURCES.txt'
adding license file 'LICENSE'
writing manifest file '../../build/drone_img_processing/drone_img_processing.egg-info/SOURCES.txt'
running build
running build_py
creating /home/rishikesh/Desktop/drone_hover/build/drone_img_processing/build
creating /home/rishikesh/Desktop/drone_hover/build/drone_img_processing/build/lib
creating /home/rishikesh/Desktop/drone_hover/build/drone_img_processing/build/lib/drone_img_processing
copying drone_img_processing/__init__.py -> /home/rishikesh/Desktop/drone_hover/build/drone_img_processing/build/lib/drone_img_processing
copying drone_img_processing/drone_img_coord_pub.py -> /home/rishikesh/Desktop/drone_hover/build/drone_img_processing/build/lib/drone_img_processing
running install
running install_lib
creating /home/rishikesh/Desktop/drone_hover/install/drone_img_processing/lib/python3.10/site-packages/drone_img_processing
copying /home/rishikesh/Desktop/drone_hover/build/drone_img_processing/build/lib/drone_img_processing/__init__.py -> /home/rishikesh/Desktop/drone_hover/install/drone_img_processing/lib/python3.10/site-packages/drone_img_processing
copying /home/rishikesh/Desktop/drone_hover/build/drone_img_processing/build/lib/drone_img_processing/drone_img_coord_pub.py -> /home/rishikesh/Desktop/drone_hover/install/drone_img_processing/lib/python3.10/site-packages/drone_img_processing
byte-compiling /home/rishikesh/Desktop/drone_hover/install/drone_img_processing/lib/python3.10/site-packages/drone_img_processing/__init__.py to __init__.cpython-310.pyc
byte-compiling /home/rishikesh/Desktop/drone_hover/install/drone_img_processing/lib/python3.10/site-packages/drone_img_processing/drone_img_coord_pub.py to drone_img_coord_pub.cpython-310.pyc
running install_data
creating /home/rishikesh/Desktop/drone_hover/install/drone_img_processing/share/ament_index
creating /home/rishikesh/Desktop/drone_hover/install/drone_img_processing/share/ament_index/resource_index
creating /home/rishikesh/Desktop/drone_hover/install/drone_img_processing/share/ament_index/resource_index/packages
copying resource/drone_img_processing -> /home/rishikesh/Desktop/drone_hover/install/drone_img_processing/share/ament_index/resource_index/packages
copying package.xml -> /home/rishikesh/Desktop/drone_hover/install/drone_img_processing/share/drone_img_processing
running install_egg_info
Copying ../../build/drone_img_processing/drone_img_processing.egg-info to /home/rishikesh/Desktop/drone_hover/install/drone_img_processing/lib/python3.10/site-packages/drone_img_processing-0.0.0-py3.10.egg-info
running install_scripts
Installing drone_img_coord_pub script to /home/rishikesh/Desktop/drone_hover/install/drone_img_processing/lib/drone_img_processing
writing list of installed files to '/home/rishikesh/Desktop/drone_hover/build/drone_img_processing/install.log'
